[
  {
    "label": "propertyA",
    "kind": [],
    "detail": "",
    "documentation": "propertyA",
    "deprecated": [],
    "preselect": [],
    "sortText": "10propertyA",
    "filterText": "propertyA: ",
    "insertText": null,
    "insertTextFormat": [
      1
    ],
    "textEdit": {
      "range": {
        "start": {
          "line": 1,
          "character": 0
        },
        "end": {
          "line": 1,
          "character": 0
        }
      },
      "newText": "propertyA: "
    },
    "additionalTextEdits": null,
    "commitCharacters": null,
    "command": null
  },
  {
    "label": "propertyB",
    "kind": [],
    "detail": "",
    "documentation": "propertyB",
    "deprecated": [],
    "preselect": [],
    "sortText": "11propertyB",
    "filterText": "propertyB: ",
    "insertText": null,
    "insertTextFormat": [
      1
    ],
    "textEdit": {
      "range": {
        "start": {
          "line": 1,
          "character": 0
        },
        "end": {
          "line": 1,
          "character": 0
        }
      },
      "newText": "propertyB: "
    },
    "additionalTextEdits": null,
    "commitCharacters": null,
    "command": null
  },
  {
    "label": "propertyX",
    "kind": [],
    "detail": "",
    "documentation": "propertyX",
    "deprecated": [],
    "preselect": [],
    "sortText": "10propertyX",
    "filterText": "propertyX: ",
    "insertText": null,
    "insertTextFormat": [
      1
    ],
    "textEdit": {
      "range": {
        "start": {
          "line": 1,
          "character": 0
        },
        "end": {
          "line": 1,
          "character": 0
        }
      },
      "newText": "propertyX: "
    },
    "additionalTextEdits": null,
    "commitCharacters": null,
    "command": null
  }
]