[
  {
    "label": "title",
    "kind": [],
    "detail": "root",
    "documentation": "title",
    "deprecated": [],
    "preselect": [],
    "sortText": "10title",
    "filterText": "title: ",
    "insertText": null,
    "insertTextFormat": [
      1
    ],
    "textEdit": {
      "range": {
        "start": {
          "line": 5,
          "character": 6
        },
        "end": {
          "line": 5,
          "character": 7
        }
      },
      "newText": "title: "
    },
    "additionalTextEdits": null,
    "commitCharacters": null,
    "command": null
  },
  {
    "label": "traits",
    "kind": [],
    "detail": "types and traits",
    "documentation": "traits",
    "deprecated": [],
    "preselect": [],
    "sortText": "11traits",
    "filterText": "traits:\n  ",
    "insertText": null,
    "insertTextFormat": [
      1
    ],
    "textEdit": {
      "range": {
        "start": {
          "line": 5,
          "character": 6
        },
        "end": {
          "line": 5,
          "character": 7
        }
      },
      "newText": "traits:\n  "
    },
    "additionalTextEdits": null,
    "commitCharacters": null,
    "command": null
  },
  {
    "label": "types",
    "kind": [],
    "detail": "types and traits",
    "documentation": "types",
    "deprecated": [],
    "preselect": [],
    "sortText": "11types",
    "filterText": "types:\n  ",
    "insertText": null,
    "insertTextFormat": [
      1
    ],
    "textEdit": {
      "range": {
        "start": {
          "line": 5,
          "character": 6
        },
        "end": {
          "line": 5,
          "character": 7
        }
      },
      "newText": "types:\n  "
    },
    "additionalTextEdits": null,
    "commitCharacters": null,
    "command": null
  }
]