[
  {
    "label": "description",
    "kind": [],
    "detail": "docs",
    "documentation": "description",
    "deprecated": [],
    "preselect": [],
    "sortText": "11description",
    "filterText": "\"description\": \"$1\",",
    "insertText": null,
    "insertTextFormat": [
      2
    ],
    "textEdit": {
      "range": {
        "start": {
          "line": 8,
          "character": 10
        },
        "end": {
          "line": 8,
          "character": 15
        }
      },
      "newText": "\"description\": \"$1\","
    },
    "additionalTextEdits": null,
    "commitCharacters": null,
    "command": null
  }
]