[
  {
    "label": "pattern",
    "kind": [],
    "detail": "parameters",
    "documentation": "pattern",
    "deprecated": [],
    "preselect": [],
    "sortText": "11pattern",
    "filterText": "pattern: ",
    "insertText": null,
    "insertTextFormat": [
      1
    ],
    "textEdit": {
      "range": {
        "start": {
          "line": 10,
          "character": 8
        },
        "end": {
          "line": 10,
          "character": 9
        }
      },
      "newText": "pattern: "
    },
    "additionalTextEdits": null,
    "commitCharacters": null,
    "command": null
  },
  {
    "label": "properties",
    "kind": [],
    "detail": "schemas",
    "documentation": "properties",
    "deprecated": [],
    "preselect": [],
    "sortText": "11properties",
    "filterText": "properties:\n  ",
    "insertText": null,
    "insertTextFormat": [
      1
    ],
    "textEdit": {
      "range": {
        "start": {
          "line": 10,
          "character": 8
        },
        "end": {
          "line": 10,
          "character": 9
        }
      },
      "newText": "properties:\n  "
    },
    "additionalTextEdits": null,
    "commitCharacters": null,
    "command": null
  }
]